../Core/Src/main.c:82:6:panTompkins_init	8	static
../Core/Src/main.c:96:12:lowPassFilter	32	static
../Core/Src/main.c:116:12:highPassFilter	32	static
../Core/Src/main.c:132:12:derivFilter	32	static
../Core/Src/main.c:147:12:squaring	16	static
../Core/Src/main.c:151:12:movingWindowIntegration	24	static
../Core/Src/main.c:175:5:main	8	static
../Core/Src/main.c:220:6:SystemClock_Config	88	static
../Core/Src/main.c:266:13:MX_GPIO_Init	40	static
../Core/Src/main.c:300:6:Error_Handler	4	static,ignoring_inline_asm
