../Core/Src/main.c:97:6:panTompkins_init	8	static
../Core/Src/main.c:111:12:lowPassFilter	32	static
../Core/Src/main.c:132:12:highPassFilter	32	static
../Core/Src/main.c:148:12:derivFilter	32	static
../Core/Src/main.c:163:12:squaring	16	static
../Core/Src/main.c:167:12:movingWindowIntegration	24	static
../Core/Src/main.c:184:12:peakDetection	56	static
../Core/Src/main.c:306:5:main	40	static
../Core/Src/main.c:375:6:SystemClock_Config	88	static
../Core/Src/main.c:421:13:MX_GPIO_Init	40	static
../Core/Src/main.c:455:6:Error_Handler	4	static,ignoring_inline_asm
